{
    "actor":{
        "active":true,
        "displayName":"Mustermann,Max ACME",
        "emailAddress":"max.mustermann@acme.org",
        "id":1,
        "name":"max.mustermann@acme.org",
        "slug":"max.mustermann_acme.org",
        "type":"NORMAL"
    },
    "date":"2017-09-19T09:58:11+1000",
    "eventKey":"pr:opened",
    "extensions": {
        "name": "bar-feature-foo",
        "project": "foo",
        "component": "bar",
        "repository": "foo-bar",
        "stage": "dev",
        "environment": "",
        "version": "",
        "gitRef": "feature/foo",
        "gitFullRef": "refs/heads/feature/foo",
        "gitSha": "ef8755f06ee4b28c96a847a95cb8ec8ed6ddd1ca",
        "repoBase": "https://domain.com",
        "gitURI": "https://domain.com/foo/foo-bar.git",
        "namespace": "bar-cd",
        "pvc": "ods-workspace-bar",
        "trigger-event": "pr:opened",
        "comment": "",
        "prKey": 1,
        "prBase": "refs/heads/master"
    },
    "pullRequest":{
        "author":{
            "approved":false,
            "role":"AUTHOR",
            "status":"UNAPPROVED",
            "user":{
                "active":true,
                "displayName":"Mustermann,Max ACME",
                "emailAddress":"max.mustermann@acme.org",
                "id":1,
                "name":"max.mustermann@acme.org",
                "slug":"max.mustermann_acme.org",
                "type":"NORMAL"
            }
        },
        "closed":false,
        "createdDate":1505779091796,
        "fromRef":{
            "displayId":"feature/foo",
            "id":"refs/heads/feature/foo",
            "latestCommit":"ef8755f06ee4b28c96a847a95cb8ec8ed6ddd1ca",
            "repository":{
                "forkable":true,
                "id":84,
                "name":"foo-bar",
                "project":{
                    "id":84,
                    "key":"FOO",
                    "name":"Max Mustermann Playground",
                    "public":false,
                    "type":"NORMAL"
                },
                "public":false,
                "scmId":"git",
                "slug":"foo-bar",
                "state":"AVAILABLE",
                "statusMessage":"Available"
            }
          },
        "id":1,
        "links":{
            "self":[
                null
            ]
        },
        "locked":false,
        "open":true,
        "participants":[],
        "reviewers":[],
        "state":"OPEN",
        "title":"a new file added",
        "toRef":{
            "displayId":"master",
            "id":"refs/heads/master",
            "latestCommit":"178864a7d521b6f5e720b386b2c2b0ef8563e0dc",
            "repository":{
                "forkable":true,
                "id":84,
                "name":"foo-bar",
                "project":{
                    "id":84,
                    "key":"FOO",
                    "name":"Max Mustermann Playground",
                    "public":false,
                    "type":"NORMAL"
                },
                "public":false,
                "scmId":"git",
                "slug":"foo-bar",
                "state":"AVAILABLE",
                "statusMessage":"Available"
            }
        },
        "updatedDate":1505779091796,
        "version":0
    }
  }
